#
# A fatal error has been detected by the Java Runtime Environment:
#
#  EXCEPTION_ACCESS_VIOLATION (0xc0000005) at pc=0x00007ffd524de046, pid=11308, tid=2008
#
# JRE version: OpenJDK Runtime Environment Temurin-17.0.8+7 (17.0.8+7) (build 17.0.8+7)
# Java VM: OpenJDK 64-Bit Server VM Temurin-17.0.8+7 (17.0.8+7, mixed mode, emulated-client, sharing, tiered, compressed oops, compressed class ptrs, g1 gc, windows-amd64)
# Problematic frame:
# V  [jvm.dll+0x25e046]
#
# No core dump will be written. Minidumps are not enabled by default on client versions of Windows
#
# If you would like to submit a bug report, please visit:
#   https://github.com/adoptium/adoptium-support/issues
#

---------------  S U M M A R Y ------------

Command Line: -XX:TieredStopAtLevel=1 -Dspring.output.ansi.enabled=always -Dcom.sun.management.jmxremote -Dspring.jmx.enabled=true -Dspring.liveBeansView.mbeanDomain -Dspring.application.admin.enabled=true -Dmanagement.endpoints.jmx.exposure.include=* -javaagent:C:\Program Files\JetBrains\IntelliJ IDEA 2023.3.2\lib\idea_rt.jar=50741:C:\Program Files\JetBrains\IntelliJ IDEA 2023.3.2\bin -Dfile.encoding=UTF-8 org.example.pokemontcgalbum.PokemonTCGAlbum

Host: Intel(R) Core(TM) i5-4690 CPU @ 3.50GHz, 4 cores, 15G,  Windows 10 , 64 bit Build 19041 (10.0.19041.5915)
Time: Thu Aug  7 22:25:59 2025  Windows 10 , 64 bit Build 19041 (10.0.19041.5915) elapsed time: 2964.693718 seconds (0d 0h 49m 24s)

---------------  T H R E A D  ---------------

Current thread (0x0000023fcb11baa0):  JavaThread "C1 CompilerThread0" daemon [_thread_in_vm, id=2008, stack(0x000000ae4b100000,0x000000ae4b200000)]


Current CompileTask:
C1:2964693 8893   !   1       org.apache.catalina.core.StandardContext::bind (168 bytes)

Stack: [0x000000ae4b100000,0x000000ae4b200000],  sp=0x000000ae4b1feac0,  free space=1018k
Native frames: (J=compiled Java code, j=interpreted, Vv=VM code, C=native code)
V  [jvm.dll+0x25e046]
V  [jvm.dll+0x36cf16]
V  [jvm.dll+0x6507fb]
V  [jvm.dll+0x1c65f4]
V  [jvm.dll+0x135bc1]
V  [jvm.dll+0x134f8a]
V  [jvm.dll+0x136c51]
V  [jvm.dll+0x228d8a]
V  [jvm.dll+0x226dcc]
V  [jvm.dll+0x7ec09b]
V  [jvm.dll+0x7e64ca]
V  [jvm.dll+0x677955]
C  [ucrtbase.dll+0x21bb2]
C  [KERNEL32.DLL+0x17374]
C  [ntdll.dll+0x4cc91]


siginfo: EXCEPTION_ACCESS_VIOLATION (0xc0000005), reading address 0x000017c800000221


Register to memory mapping:

RIP=0x00007ffd524de046 jvm.dll
RAX=0x000017c800000001 is an unknown value
RBX=0x0000023fcbaa69a0 points into unknown readable memory: 0x0000023ff6c95918 | 18 59 c9 f6 3f 02 00 00
RCX=0x0000023ff6c95918 is at entry_point+-872 in (nmethod*)0x0000023ff6c95910
RDX=0x0000023ff6f53210 is at entry_point+-656 in (nmethod*)0x0000023ff6f53210
RSP=0x000000ae4b1feac0 is pointing into the stack for thread: 0x0000023fcb11baa0
RBP=0x0 is NULL
RSI=0x0000023ff6f53210 is at entry_point+-656 in (nmethod*)0x0000023ff6f53210
RDI=0x0000023fcdb3ec20 points into unknown readable memory: 0x0000023fcbaa69a0 | a0 69 aa cb 3f 02 00 00
R8 =0x0000023f86009040 is a pointer to class: 
java.lang.ClassLoader {0x0000023f86009048}
 - instance size:     10
 - klass size:        94
 - access:            public synchronized abstract 
 - state:             fully_initialized
 - name:              'java/lang/ClassLoader'
 - super:             'java/lang/Object'
 - sub:               'net/bytebuddy/dynamic/loading/InjectionClassLoader'   'net/bytebuddy/utility/dispatcher/JavaDispatcher$DynamicClassLoader'   'org/hibernate/boot/registry/classloading/internal/AggregatedClassLoader'   'liquibase/parser/core/xml/LiquibaseEntityResolver$CombinedClassLoader'   (3 more klasses...)
 - arrays:            'java/lang/ClassLoader'[]
 - methods:           Array<T>(0x0000023f865da348)
 - method ordering:   Array<T>(0x0000023f865dc7a8)
 - default_methods:   Array<T>(0x0000000000000000)
 - local interfaces:  Array<T>(0x0000023f865d1300)
 - trans. interfaces: Array<T>(0x0000023f865d1300)
 - constants:         constant pool [1098]/operands[35] {0x0000023f865d7ff0} for 'java/lang/ClassLoader' cache=0x0000023f8600c1f0
 - class loader data:  loader data: 0x0000023fec459640 of 'bootstrap'
 - source file:       'ClassLoader.java'
 - class annotations:       Array<T>(0x0000000000000000)
 - class type annotations:  Array<T>(0x0000000000000000)
 - field annotations:       Array<T>(0x0000000000000000)
 - field type annotations:  Array<T>(0x0000000000000000)
 - inner classes:     Array<T>(0x0000023f865da320)
 - nest members:     Array<T>(0x0000023f865dc920)
 - permitted subclasses:     Array<T>(0x0000023f865d1290)
 - java mirror:       a 'java/lang/Class'{0x00000007023aba10} = 'java/lang/ClassLoader'
 - vtable length      34  (start addr: 0x0000023f86009208)
 - itable length      2 (start addr: 0x0000023f86009318)
 - ---- static fields (2 words):
 - private static final 'nocerts' '[Ljava/security/cert/Certificate;' @112 
 - private static volatile 'scl' 'Ljava/lang/ClassLoader;' @116 
 - static final synthetic '$assertionsDisabled' 'Z' @120 
 - ---- non-static fields (17 words):
 - private 'defaultAssertionStatus' 'Z' @12 
 - private final 'parent' 'Ljava/lang/ClassLoader;' @24 
 - private final 'name' 'Ljava/lang/String;' @28 
 - private final 'unnamedModule' 'Ljava/lang/Module;' @32 
 - private final 'nameAndId' 'Ljava/lang/String;' @36 
 - private final 'parallelLockMap' 'Ljava/util/concurrent/ConcurrentHashMap;' @40 
 - private final 'package2certs' 'Ljava/util/concurrent/ConcurrentHashMap;' @44 
 - private final 'classes' 'Ljava/util/ArrayList;' @48 
 - private final 'defaultDomain' 'Ljava/security/ProtectionDomain;' @52 
 - private final 'packages' 'Ljava/util/concurrent/ConcurrentHashMap;' @56 
 - private final 'libraries' 'Ljdk/internal/loader/NativeLibraries;' @60 
 - final 'assertionLock' 'Ljava/lang/Object;' @64 
 - private 'packageAssertionStatus' 'Ljava/util/Map;' @68 
 - 'classAssertionStatus' 'Ljava/util/Map;' @72 
 - private volatile 'classLoaderValueMap' 'Ljava/util/concurrent/ConcurrentHashMap;' @76 
 - non-static oop maps: 24-76 
R9 =0x0000000000000007 is an unknown value
R10=0x0000000000000540 is an unknown value
R11=0x000000ae4b1feab0 is pointing into the stack for thread: 0x0000023fcb11baa0
R12=0x0000000000000030 is an unknown value
R13=0x0000000000000001 is an unknown value
R14=0x000000ae4b1feb10 is pointing into the stack for thread: 0x0000023fcb11baa0
R15=0x0000023ffeb37aa0 points into unknown readable memory: 0x00007ffd52ba2630 | 30 26 ba 52 fd 7f 00 00


Registers:
RAX=0x000017c800000001, RBX=0x0000023fcbaa69a0, RCX=0x0000023ff6c95918, RDX=0x0000023ff6f53210
RSP=0x000000ae4b1feac0, RBP=0x0000000000000000, RSI=0x0000023ff6f53210, RDI=0x0000023fcdb3ec20
R8 =0x0000023f86009040, R9 =0x0000000000000007, R10=0x0000000000000540, R11=0x000000ae4b1feab0
R12=0x0000000000000030, R13=0x0000000000000001, R14=0x000000ae4b1feb10, R15=0x0000023ffeb37aa0
RIP=0x00007ffd524de046, EFLAGS=0x0000000000010206

Top of Stack: (sp=0x000000ae4b1feac0)
0x000000ae4b1feac0:   0000023fee5c2410 0000023fcdea9df0
0x000000ae4b1fead0:   00000000000012c8 000000ae00000158
0x000000ae4b1feae0:   00000000000012c8 00007ffd525ecf16
0x000000ae4b1feaf0:   0000023fee5c2410 0000000000000000
0x000000ae4b1feb00:   0000023ff6f53210 00000000000012c8
0x000000ae4b1feb10:   0000023f86009198 0000023f860091a0
0x000000ae4b1feb20:   0000023ff6f53210 00007ffd528d07fb
0x000000ae4b1feb30:   0000023fee5c2410 0000000000000000
0x000000ae4b1feb40:   0000000000000030 00000000000012c8
0x000000ae4b1feb50:   000000ae000022bd 000000aeffffffff
0x000000ae4b1feb60:   000000ae4b1ff0a0 ffffffff00000108
0x000000ae4b1feb70:   0000023fcb11c0f0 0000023fce18e860
0x000000ae4b1feb80:   000000ae4b1ff0c0 00007ffd00000024
0x000000ae4b1feb90:   0000023fce18e800 000000ae4b1ff068
0x000000ae4b1feba0:   000000ae4b1ff080 0000023ffeb37aa0
0x000000ae4b1febb0:   0000000000000001 00007ffd52ddf510 

Instructions: (pc=0x00007ffd524de046)
0x00007ffd524ddf46:   cd e8 44 67 60 00 48 8b 44 24 20 41 ff c6 49 ff
0x00007ffd524ddf56:   c7 49 83 c4 10 45 3b 75 00 0f 8c 8b fe ff ff 48
0x00007ffd524ddf66:   8b 5c 24 38 4c 8b 7c 24 40 4c 8b a4 24 b0 00 00
0x00007ffd524ddf76:   00 4c 8b b4 24 a8 00 00 00 48 8b b4 24 b8 00 00
0x00007ffd524ddf86:   00 4d 85 ff 74 1a 4d 8b c7 48 8d 15 92 b7 6e 00
0x00007ffd524ddf96:   48 8b cd e8 f2 66 60 00 48 8b cd e8 7a 68 60 00
0x00007ffd524ddfa6:   48 8b cd e8 52 62 60 00 48 8b cb e8 ca cf 41 00
0x00007ffd524ddfb6:   48 8d 4c 24 48 e8 c0 f0 0e 00 48 8b 9c 24 c0 00
0x00007ffd524ddfc6:   00 00 48 8b 8c 24 90 00 00 00 48 33 cc e8 28 2c
0x00007ffd524ddfd6:   63 00 48 81 c4 c8 00 00 00 41 5f 41 5d 5f 5d c3
0x00007ffd524ddfe6:   cc cc cc cc cc cc cc cc cc cc 48 89 5c 24 08 48
0x00007ffd524ddff6:   89 74 24 10 48 89 7c 24 18 41 56 48 83 ec 20 48
0x00007ffd524de006:   8b f2 4c 8b f1 e8 40 02 00 00 48 8b d8 48 85 c0
0x00007ffd524de016:   74 63 0f 1f 84 00 00 00 00 00 48 3b 33 0f 84 85
0x00007ffd524de026:   00 00 00 48 8d 7b 10 48 8b 5b 10 48 85 db 74 45
0x00007ffd524de036:   66 66 0f 1f 84 00 00 00 00 00 48 8b 0b 48 8b 01
0x00007ffd524de046:   ff 90 20 02 00 00 84 c0 74 26 48 8b 4b 10 48 8b
0x00007ffd524de056:   07 48 3b c3 75 12 48 8b c3 f0 48 0f b1 0f 75 08
0x00007ffd524de066:   48 8b cb e8 52 05 00 00 48 8b 1f 48 85 db 75 ca
0x00007ffd524de076:   48 85 db 75 a5 45 33 c0 41 8d 50 01 8d 4a 1f e8
0x00007ffd524de086:   66 88 e4 ff 48 8b d0 48 85 c0 74 29 48 89 30 c7
0x00007ffd524de096:   40 08 01 00 00 00 48 c7 40 10 00 00 00 00 48 c7
0x00007ffd524de0a6:   40 18 00 00 00 00 eb 12 8b 43 08 ff c0 89 43 08
0x00007ffd524de0b6:   8b 43 08 eb 30 33 d2 0f 1f 00 49 8b 06 48 8b 00
0x00007ffd524de0c6:   48 89 42 10 49 8b 0e f0 48 0f b1 11 75 ec 80 3d
0x00007ffd524de0d6:   02 5d 8a 00 00 74 0e 48 8b 05 34 73 90 00 48 8b
0x00007ffd524de0e6:   48 28 48 ff 01 48 8b 5c 24 30 48 8b 74 24 38 48
0x00007ffd524de0f6:   8b 7c 24 40 48 83 c4 20 41 5e c3 cc cc cc cc cc
0x00007ffd524de106:   cc cc cc cc cc cc cc cc cc cc 48 83 ec 28 4c 8b
0x00007ffd524de116:   05 2d 73 90 00 48 8b 41 08 48 8b 00 49 3b c0 0f
0x00007ffd524de126:   83 ef 00 00 00 48 8b 51 08 f0 4c 0f b1 02 0f 85
0x00007ffd524de136:   e0 00 00 00 48 89 5c 24 30 e8 0c 01 00 00 48 8b 


Stack slot to memory mapping:
stack at sp + 0 slots: 0x0000023fee5c2410 points into unknown readable memory: 0x0000023fcb11baa0 | a0 ba 11 cb 3f 02 00 00
stack at sp + 1 slots: 0x0000023fcdea9df0 points into unknown readable memory: 0x0000023fcdb3ec10 | 10 ec b3 cd 3f 02 00 00
stack at sp + 2 slots: 0x00000000000012c8 is an unknown value
stack at sp + 3 slots: 0x000000ae00000158 is an unknown value
stack at sp + 4 slots: 0x00000000000012c8 is an unknown value
stack at sp + 5 slots: 0x00007ffd525ecf16 jvm.dll
stack at sp + 6 slots: 0x0000023fee5c2410 points into unknown readable memory: 0x0000023fcb11baa0 | a0 ba 11 cb 3f 02 00 00
stack at sp + 7 slots: 0x0 is NULL


---------------  P R O C E S S  ---------------

Threads class SMR info:
_java_thread_list=0x0000023fcda2bb70, length=30, elements={
0x0000023ffeb26e80, 0x0000023ffeb27d00, 0x0000023fcb1160b0, 0x0000023fcb118d50,
0x0000023fcb11a720, 0x0000023fcb11b0e0, 0x0000023fcb11baa0, 0x0000023fcb152540,
0x0000023ffeb10bd0, 0x0000023fcb7074c0, 0x0000023fcb8699e0, 0x0000023fccb0f0b0,
0x0000023fccba9820, 0x0000023fccba7ed0, 0x0000023fccba6fa0, 0x0000023fccba6a90,
0x0000023fccba83e0, 0x0000023fccba6580, 0x0000023fccba88f0, 0x0000023fccba8e00,
0x0000023fccba6070, 0x0000023fce020cc0, 0x0000023fce0216e0, 0x0000023fce0207b0,
0x0000023fce023030, 0x0000023fce01f880, 0x0000023fce01e950, 0x0000023fce021bf0,
0x0000023fce01da20, 0x0000023fce022100
}

Java Threads: ( => current thread )
  0x0000023ffeb26e80 JavaThread "Reference Handler" daemon [_thread_blocked, id=13520, stack(0x000000ae4ab00000,0x000000ae4ac00000)]
  0x0000023ffeb27d00 JavaThread "Finalizer" daemon [_thread_blocked, id=10752, stack(0x000000ae4ac00000,0x000000ae4ad00000)]
  0x0000023fcb1160b0 JavaThread "Signal Dispatcher" daemon [_thread_blocked, id=8068, stack(0x000000ae4ad00000,0x000000ae4ae00000)]
  0x0000023fcb118d50 JavaThread "Attach Listener" daemon [_thread_blocked, id=10996, stack(0x000000ae4ae00000,0x000000ae4af00000)]
  0x0000023fcb11a720 JavaThread "Service Thread" daemon [_thread_blocked, id=5212, stack(0x000000ae4af00000,0x000000ae4b000000)]
  0x0000023fcb11b0e0 JavaThread "Monitor Deflation Thread" daemon [_thread_blocked, id=6136, stack(0x000000ae4b000000,0x000000ae4b100000)]
=>0x0000023fcb11baa0 JavaThread "C1 CompilerThread0" daemon [_thread_in_vm, id=2008, stack(0x000000ae4b100000,0x000000ae4b200000)]
  0x0000023fcb152540 JavaThread "Sweeper thread" daemon [_thread_blocked, id=12272, stack(0x000000ae4b200000,0x000000ae4b300000)]
  0x0000023ffeb10bd0 JavaThread "Common-Cleaner" daemon [_thread_blocked, id=10544, stack(0x000000ae4b300000,0x000000ae4b400000)]
  0x0000023fcb7074c0 JavaThread "Notification Thread" daemon [_thread_blocked, id=6792, stack(0x000000ae4b500000,0x000000ae4b600000)]
  0x0000023fcb8699e0 JavaThread "RMI TCP Accept-0" daemon [_thread_in_native, id=1156, stack(0x000000ae4bb00000,0x000000ae4bc00000)]
  0x0000023fccb0f0b0 JavaThread "mysql-cj-abandoned-connection-cleanup" daemon [_thread_blocked, id=6260, stack(0x000000ae4bf00000,0x000000ae4c000000)]
  0x0000023fccba9820 JavaThread "HikariPool-1 housekeeper" daemon [_thread_blocked, id=14196, stack(0x000000ae4c100000,0x000000ae4c200000)]
  0x0000023fccba7ed0 JavaThread "Catalina-utility-1" [_thread_blocked, id=6744, stack(0x000000ae4c300000,0x000000ae4c400000)]
  0x0000023fccba6fa0 JavaThread "Catalina-utility-2" [_thread_blocked, id=17364, stack(0x000000ae4c400000,0x000000ae4c500000)]
  0x0000023fccba6a90 JavaThread "container-0" [_thread_blocked, id=5940, stack(0x000000ae4c500000,0x000000ae4c600000)]
  0x0000023fccba83e0 JavaThread "boundedElastic-evictor-1" daemon [_thread_blocked, id=18832, stack(0x000000ae4c600000,0x000000ae4c700000)]
  0x0000023fccba6580 JavaThread "http-nio-8080-exec-1" daemon [_thread_blocked, id=3900, stack(0x000000ae4c700000,0x000000ae4c800000)]
  0x0000023fccba88f0 JavaThread "http-nio-8080-exec-2" daemon [_thread_blocked, id=7616, stack(0x000000ae4c800000,0x000000ae4c900000)]
  0x0000023fccba8e00 JavaThread "http-nio-8080-exec-3" daemon [_thread_blocked, id=14736, stack(0x000000ae4c900000,0x000000ae4ca00000)]
  0x0000023fccba6070 JavaThread "http-nio-8080-exec-4" daemon [_thread_blocked, id=18944, stack(0x000000ae4ca00000,0x000000ae4cb00000)]
  0x0000023fce020cc0 JavaThread "http-nio-8080-exec-5" daemon [_thread_blocked, id=12212, stack(0x000000ae4cb00000,0x000000ae4cc00000)]
  0x0000023fce0216e0 JavaThread "http-nio-8080-exec-6" daemon [_thread_blocked, id=11720, stack(0x000000ae4cc00000,0x000000ae4cd00000)]
  0x0000023fce0207b0 JavaThread "http-nio-8080-exec-7" daemon [_thread_blocked, id=19632, stack(0x000000ae4cd00000,0x000000ae4ce00000)]
  0x0000023fce023030 JavaThread "http-nio-8080-exec-8" daemon [_thread_blocked, id=16560, stack(0x000000ae4ce00000,0x000000ae4cf00000)]
  0x0000023fce01f880 JavaThread "http-nio-8080-exec-9" daemon [_thread_blocked, id=19860, stack(0x000000ae4cf00000,0x000000ae4d000000)]
  0x0000023fce01e950 JavaThread "http-nio-8080-exec-10" daemon [_thread_blocked, id=18496, stack(0x000000ae4d000000,0x000000ae4d100000)]
  0x0000023fce021bf0 JavaThread "http-nio-8080-Poller" daemon [_thread_in_native, id=16444, stack(0x000000ae4d100000,0x000000ae4d200000)]
  0x0000023fce01da20 JavaThread "http-nio-8080-Acceptor" daemon [_thread_in_native, id=5844, stack(0x000000ae4d200000,0x000000ae4d300000)]
  0x0000023fce022100 JavaThread "DestroyJavaVM" [_thread_blocked, id=2672, stack(0x000000ae4a400000,0x000000ae4a500000)]

Other Threads:
  0x0000023ffeb1f5a0 VMThread "VM Thread" [stack: 0x000000ae4aa00000,0x000000ae4ab00000] [id=12956]
  0x0000023fee5cb2f0 WatcherThread [stack: 0x000000ae4bc00000,0x000000ae4bd00000] [id=16080]
  0x0000023fee632fd0 GCTaskThread "GC Thread#0" [stack: 0x000000ae4a500000,0x000000ae4a600000] [id=1444]
  0x0000023fcb7f2330 GCTaskThread "GC Thread#1" [stack: 0x000000ae4b700000,0x000000ae4b800000] [id=17376]
  0x0000023fcb7f25f0 GCTaskThread "GC Thread#2" [stack: 0x000000ae4b800000,0x000000ae4b900000] [id=19936]
  0x0000023fcb7f28b0 GCTaskThread "GC Thread#3" [stack: 0x000000ae4b900000,0x000000ae4ba00000] [id=11864]
  0x0000023fee643d30 ConcurrentGCThread "G1 Main Marker" [stack: 0x000000ae4a600000,0x000000ae4a700000] [id=9956]
  0x0000023fee644810 ConcurrentGCThread "G1 Conc#0" [stack: 0x000000ae4a700000,0x000000ae4a800000] [id=13868]
  0x0000023fee66e7f0 ConcurrentGCThread "G1 Refine#0" [stack: 0x000000ae4a800000,0x000000ae4a900000] [id=16824]
  0x0000023fcbb45290 ConcurrentGCThread "G1 Refine#1" [stack: 0x000000ae4bd00000,0x000000ae4be00000] [id=15324]
  0x0000023ffe9dd140 ConcurrentGCThread "G1 Service" [stack: 0x000000ae4a900000,0x000000ae4aa00000] [id=17516]

Threads with active compile tasks:
C1 CompilerThread0  2964911 8893   !   1       org.apache.catalina.core.StandardContext::bind (168 bytes)

VM state: not at safepoint (normal execution)

VM Mutex/Monitor currently owned by a thread:  ([mutex/lock_event])
[0x0000023fee5c2410] CodeCache_lock - owner thread: 0x0000023fcb11baa0
[0x0000023fee5c3c90] Compile_lock - owner thread: 0x0000023fcb11baa0
[0x0000023fee5c3db0] MethodCompileQueue_lock - owner thread: 0x0000023fcb11baa0

OutOfMemory and StackOverflow Exception counts:
StackOverflowErrors=12
LinkageErrors=149

Heap address: 0x0000000701e00000, size: 4066 MB, Compressed Oops mode: Zero based, Oop shift amount: 3

CDS archive(s) mapped at: [0x0000023f86000000-0x0000023f86bd0000-0x0000023f86bd0000), size 12386304, SharedBaseAddress: 0x0000023f86000000, ArchiveRelocationMode: 1.
Compressed class space mapped at: 0x0000023f87000000-0x0000023fc7000000, reserved size: 1073741824
Narrow klass base: 0x0000023f86000000, Narrow klass shift: 0, Narrow klass range: 0x100000000

GC Precious Log:
 CPUs: 4 total, 4 available
 Memory: 16262M
 Large Page Support: Disabled
 NUMA Support: Disabled
 Compressed Oops: Enabled (Zero based)
 Heap Region Size: 2M
 Heap Min Capacity: 8M
 Heap Initial Capacity: 256M
 Heap Max Capacity: 4066M
 Pre-touch: Disabled
 Parallel Workers: 4
 Concurrent Workers: 1
 Concurrent Refinement Workers: 4
 Periodic GC: Disabled

Heap:
 garbage-first heap   total 108544K, used 52185K [0x0000000701e00000, 0x0000000800000000)
  region size 2048K, 7 young (14336K), 2 survivors (4096K)
 Metaspace       used 83444K, committed 84096K, reserved 1179648K
  class space    used 12181K, committed 12480K, reserved 1048576K

Heap Regions: E=young(eden), S=young(survivor), O=old, HS=humongous(starts), HC=humongous(continues), CS=collection set, F=free, OA=open archive, CA=closed archive, TAMS=top-at-mark-start (previous, next)
|   0|0x0000000701e00000, 0x0000000702000000, 0x0000000702000000|100%| O|  |TAMS 0x0000000702000000, 0x0000000701e00000| Untracked 
|   1|0x0000000702000000, 0x0000000702200000, 0x0000000702200000|100%| O|  |TAMS 0x0000000702200000, 0x0000000702000000| Untracked 
|   2|0x0000000702200000, 0x0000000702400000, 0x0000000702400000|100%| O|  |TAMS 0x0000000702400000, 0x0000000702200000| Untracked 
|   3|0x0000000702400000, 0x00000007024ea400, 0x0000000702600000| 45%| O|  |TAMS 0x00000007024ea400, 0x0000000702400000| Untracked 
|   4|0x0000000702600000, 0x0000000702800000, 0x0000000702800000|100%| O|  |TAMS 0x0000000702800000, 0x0000000702600000| Untracked 
|   5|0x0000000702800000, 0x0000000702a00000, 0x0000000702a00000|100%| O|  |TAMS 0x0000000702a00000, 0x0000000702800000| Untracked 
|   6|0x0000000702a00000, 0x0000000702c00000, 0x0000000702c00000|100%| O|  |TAMS 0x0000000702c00000, 0x0000000702a00000| Untracked 
|   7|0x0000000702c00000, 0x0000000702e00000, 0x0000000702e00000|100%| O|  |TAMS 0x0000000702e00000, 0x0000000702c00000| Untracked 
|   8|0x0000000702e00000, 0x0000000703000000, 0x0000000703000000|100%| O|  |TAMS 0x0000000703000000, 0x0000000702e00000| Untracked 
|   9|0x0000000703000000, 0x0000000703200000, 0x0000000703200000|100%| O|  |TAMS 0x0000000703200000, 0x0000000703000000| Untracked 
|  10|0x0000000703200000, 0x0000000703400000, 0x0000000703400000|100%| O|  |TAMS 0x0000000703400000, 0x0000000703200000| Untracked 
|  11|0x0000000703400000, 0x0000000703600000, 0x0000000703600000|100%| O|  |TAMS 0x0000000703600000, 0x0000000703400000| Untracked 
|  12|0x0000000703600000, 0x0000000703800000, 0x0000000703800000|100%| O|  |TAMS 0x00000007036eee00, 0x0000000703600000| Untracked 
|  13|0x0000000703800000, 0x0000000703a00000, 0x0000000703a00000|100%| O|  |TAMS 0x0000000703800000, 0x0000000703800000| Untracked 
|  14|0x0000000703a00000, 0x0000000703c00000, 0x0000000703c00000|100%| O|  |TAMS 0x0000000703a00000, 0x0000000703a00000| Untracked 
|  15|0x0000000703c00000, 0x0000000703e00000, 0x0000000703e00000|100%| O|  |TAMS 0x0000000703c00000, 0x0000000703c00000| Untracked 
|  16|0x0000000703e00000, 0x0000000704000000, 0x0000000704000000|100%| O|  |TAMS 0x0000000703e00000, 0x0000000703e00000| Untracked 
|  17|0x0000000704000000, 0x0000000704200000, 0x0000000704200000|100%| O|  |TAMS 0x0000000704000000, 0x0000000704000000| Untracked 
|  18|0x0000000704200000, 0x0000000704400000, 0x0000000704400000|100%| O|  |TAMS 0x0000000704200000, 0x0000000704200000| Untracked 
|  19|0x0000000704400000, 0x0000000704600000, 0x0000000704600000|100%| O|  |TAMS 0x0000000704400000, 0x0000000704400000| Untracked 
|  20|0x0000000704600000, 0x00000007046d1a00, 0x0000000704800000| 40%| O|  |TAMS 0x0000000704600000, 0x0000000704600000| Untracked 
|  21|0x0000000704800000, 0x0000000704800000, 0x0000000704a00000|  0%| F|  |TAMS 0x0000000704800000, 0x0000000704800000| Untracked 
|  22|0x0000000704a00000, 0x0000000704a00000, 0x0000000704c00000|  0%| F|  |TAMS 0x0000000704a00000, 0x0000000704a00000| Untracked 
|  23|0x0000000704c00000, 0x0000000704c00000, 0x0000000704e00000|  0%| F|  |TAMS 0x0000000704c00000, 0x0000000704c00000| Untracked 
|  24|0x0000000704e00000, 0x0000000704e00000, 0x0000000705000000|  0%| F|  |TAMS 0x0000000704e00000, 0x0000000704e00000| Untracked 
|  25|0x0000000705000000, 0x0000000705000000, 0x0000000705200000|  0%| F|  |TAMS 0x0000000705000000, 0x0000000705000000| Untracked 
|  26|0x0000000705200000, 0x0000000705200000, 0x0000000705400000|  0%| F|  |TAMS 0x0000000705200000, 0x0000000705200000| Untracked 
|  27|0x0000000705400000, 0x0000000705400000, 0x0000000705600000|  0%| F|  |TAMS 0x0000000705400000, 0x0000000705400000| Untracked 
|  28|0x0000000705600000, 0x0000000705600000, 0x0000000705800000|  0%| F|  |TAMS 0x0000000705600000, 0x0000000705600000| Untracked 
|  29|0x0000000705800000, 0x0000000705800000, 0x0000000705a00000|  0%| F|  |TAMS 0x0000000705800000, 0x0000000705800000| Untracked 
|  30|0x0000000705a00000, 0x0000000705b3a920, 0x0000000705c00000| 61%| S|CS|TAMS 0x0000000705a00000, 0x0000000705a00000| Complete 
|  31|0x0000000705c00000, 0x0000000705e00000, 0x0000000705e00000|100%| S|CS|TAMS 0x0000000705c00000, 0x0000000705c00000| Complete 
|  32|0x0000000705e00000, 0x0000000705e00000, 0x0000000706000000|  0%| F|  |TAMS 0x0000000705e00000, 0x0000000705e00000| Untracked 
|  33|0x0000000706000000, 0x0000000706000000, 0x0000000706200000|  0%| F|  |TAMS 0x0000000706000000, 0x0000000706000000| Untracked 
|  34|0x0000000706200000, 0x0000000706200000, 0x0000000706400000|  0%| F|  |TAMS 0x0000000706200000, 0x0000000706200000| Untracked 
|  35|0x0000000706400000, 0x0000000706400000, 0x0000000706600000|  0%| F|  |TAMS 0x0000000706400000, 0x0000000706400000| Untracked 
|  36|0x0000000706600000, 0x0000000706600000, 0x0000000706800000|  0%| F|  |TAMS 0x0000000706600000, 0x0000000706600000| Untracked 
|  37|0x0000000706800000, 0x0000000706800000, 0x0000000706a00000|  0%| F|  |TAMS 0x0000000706800000, 0x0000000706800000| Untracked 
|  38|0x0000000706a00000, 0x0000000706a00000, 0x0000000706c00000|  0%| F|  |TAMS 0x0000000706a00000, 0x0000000706a00000| Untracked 
|  39|0x0000000706c00000, 0x0000000706c00000, 0x0000000706e00000|  0%| F|  |TAMS 0x0000000706c00000, 0x0000000706c00000| Untracked 
|  40|0x0000000706e00000, 0x0000000706e00000, 0x0000000707000000|  0%| F|  |TAMS 0x0000000706e00000, 0x0000000706e00000| Untracked 
|  41|0x0000000707000000, 0x0000000707000000, 0x0000000707200000|  0%| F|  |TAMS 0x0000000707000000, 0x0000000707000000| Untracked 
|  42|0x0000000707200000, 0x0000000707200000, 0x0000000707400000|  0%| F|  |TAMS 0x0000000707200000, 0x0000000707200000| Untracked 
|  43|0x0000000707400000, 0x0000000707400000, 0x0000000707600000|  0%| F|  |TAMS 0x0000000707400000, 0x0000000707400000| Untracked 
|  44|0x0000000707600000, 0x0000000707600000, 0x0000000707800000|  0%| F|  |TAMS 0x0000000707600000, 0x0000000707600000| Untracked 
|  45|0x0000000707800000, 0x0000000707800000, 0x0000000707a00000|  0%| F|  |TAMS 0x0000000707800000, 0x0000000707800000| Untracked 
|  46|0x0000000707a00000, 0x0000000707a00000, 0x0000000707c00000|  0%| F|  |TAMS 0x0000000707a00000, 0x0000000707a00000| Untracked 
|  47|0x0000000707c00000, 0x0000000707c00000, 0x0000000707e00000|  0%| F|  |TAMS 0x0000000707c00000, 0x0000000707c00000| Untracked 
|  48|0x0000000707e00000, 0x0000000707e34180, 0x0000000708000000| 10%| E|  |TAMS 0x0000000707e00000, 0x0000000707e00000| Complete 
|  49|0x0000000708000000, 0x0000000708200000, 0x0000000708200000|100%| E|CS|TAMS 0x0000000708000000, 0x0000000708000000| Complete 
|  65|0x000000070a000000, 0x000000070a200000, 0x000000070a200000|100%| E|CS|TAMS 0x000000070a000000, 0x000000070a000000| Complete 
|  66|0x000000070a200000, 0x000000070a400000, 0x000000070a400000|100%| E|CS|TAMS 0x000000070a200000, 0x000000070a200000| Complete 
| 127|0x0000000711c00000, 0x0000000711e00000, 0x0000000711e00000|100%| E|CS|TAMS 0x0000000711c00000, 0x0000000711c00000| Complete 

Card table byte_map: [0x0000023ff98a0000,0x0000023ffa0a0000] _byte_map_base: 0x0000023ff6091000

Marking Bits (Prev, Next): (CMBitMap*) 0x0000023fee6335f0, (CMBitMap*) 0x0000023fee633630
 Prev Bits: [0x0000023ffa8a0000, 0x0000023ffe828000)
 Next Bits: [0x0000023f80000000, 0x0000023f83f88000)

Polling page: 0x0000023fec4d0000

Metaspace:

Usage:
  Non-class:     69.59 MB used.
      Class:     11.90 MB used.
       Both:     81.49 MB used.

Virtual space:
  Non-class space:      128.00 MB reserved,      69.94 MB ( 55%) committed,  2 nodes.
      Class space:        1.00 GB reserved,      12.19 MB (  1%) committed,  1 nodes.
             Both:        1.12 GB reserved,      82.12 MB (  7%) committed. 

Chunk freelists:
   Non-Class:  9.43 MB
       Class:  3.76 MB
        Both:  13.19 MB

MaxMetaspaceSize: unlimited
CompressedClassSpaceSize: 1.00 GB
Initial GC threshold: 21.00 MB
Current GC threshold: 100.56 MB
CDS: on
MetaspaceReclaimPolicy: balanced
 - commit_granule_bytes: 65536.
 - commit_granule_words: 8192.
 - virtual_space_node_default_size: 8388608.
 - enlarge_chunks_in_place: 1.
 - new_chunks_are_fully_committed: 0.
 - uncommit_free_chunks: 1.
 - use_allocation_guard: 0.
 - handle_deallocations: 1.


Internal statistics:

num_allocs_failed_limit: 12.
num_arena_births: 896.
num_arena_deaths: 0.
num_vsnodes_births: 3.
num_vsnodes_deaths: 0.
num_space_committed: 1314.
num_space_uncommitted: 0.
num_chunks_returned_to_freelist: 12.
num_chunks_taken_from_freelist: 3963.
num_chunk_merges: 12.
num_chunk_splits: 2949.
num_chunks_enlarged: 2365.
num_inconsistent_stats: 0.

CodeCache: size=49152Kb used=15043Kb max_used=15715Kb free=34109Kb
 bounds [0x0000023ff60a0000, 0x0000023ff7050000, 0x0000023ff90a0000]
 total_blobs=9596 nmethods=8893 adapters=629
 compilation: enabled
              stopped_count=0, restarted_count=0
 full_count=0

Compilation events (20 events):
Event: 1806.061 Thread 0x0000023fcb11baa0 nmethod 8883 0x0000023ff6f59990 code [0x0000023ff6f59b20, 0x0000023ff6f59c18]
Event: 1807.566 Thread 0x0000023fcb11baa0 8884   !   1       com.mysql.cj.protocol.a.NativeProtocol::sendCommand (456 bytes)
Event: 1807.571 Thread 0x0000023fcb11baa0 nmethod 8884 0x0000023ff6f57890 code [0x0000023ff6f57be0, 0x0000023ff6f588c8]
Event: 1807.571 Thread 0x0000023fcb11baa0 8885       1       com.mysql.cj.protocol.a.MultiPacketReader::resetMessageSequence (10 bytes)
Event: 1807.571 Thread 0x0000023fcb11baa0 nmethod 8885 0x0000023ff6f57590 code [0x0000023ff6f57720, 0x0000023ff6f57808]
Event: 1807.572 Thread 0x0000023fcb11baa0 8886       1       com.mysql.cj.protocol.a.TimeTrackingPacketReader::resetMessageSequence (10 bytes)
Event: 1807.572 Thread 0x0000023fcb11baa0 nmethod 8886 0x0000023ff6f57290 code [0x0000023ff6f57420, 0x0000023ff6f57508]
Event: 1807.572 Thread 0x0000023fcb11baa0 8887       1       com.mysql.cj.protocol.a.NativeProtocol::checkForOutstandingStreamingData (116 bytes)
Event: 1807.575 Thread 0x0000023fcb11baa0 nmethod 8887 0x0000023ff6f56390 code [0x0000023ff6f56640, 0x0000023ff6f56d68]
Event: 1807.575 Thread 0x0000023fcb11baa0 8888   !   1       com.mysql.cj.protocol.a.NativeProtocol::clearInputStream (69 bytes)
Event: 1807.576 Thread 0x0000023fcb11baa0 nmethod 8888 0x0000023ff6f55890 code [0x0000023ff6f55aa0, 0x0000023ff6f55ee8]
Event: 1836.898 Thread 0x0000023fcb11baa0 8889   !   1       org.apache.catalina.core.StandardContext::getManager (38 bytes)
Event: 1836.899 Thread 0x0000023fcb11baa0 nmethod 8889 0x0000023ff6f55110 code [0x0000023ff6f55300, 0x0000023ff6f55618]
Event: 1865.806 Thread 0x0000023fcb11baa0 8890       1       java.util.concurrent.locks.AbstractQueuedSynchronizer::acquireInterruptibly (36 bytes)
Event: 1865.807 Thread 0x0000023fcb11baa0 nmethod 8890 0x0000023ff6f54b90 code [0x0000023ff6f54d60, 0x0000023ff6f54fd8]
Event: 2604.295 Thread 0x0000023fcb11baa0 8891       1       org.apache.catalina.core.StandardServer$$Lambda$1463/0x0000023f87970868::run (8 bytes)
Event: 2604.295 Thread 0x0000023fcb11baa0 nmethod 8891 0x0000023ff6f54810 code [0x0000023ff6f549a0, 0x0000023ff6f54aa8]
Event: 2604.295 Thread 0x0000023fcb11baa0 8892       1       org.apache.catalina.core.StandardServer::lambda$startPeriodicLifecycleEvent$0 (9 bytes)
Event: 2604.295 Thread 0x0000023fcb11baa0 nmethod 8892 0x0000023ff6f54510 code [0x0000023ff6f546a0, 0x0000023ff6f54788]
Event: 2964.645 Thread 0x0000023fcb11baa0 8893   !   1       org.apache.catalina.core.StandardContext::bind (168 bytes)

GC Heap History (20 events):
Event: 12.223 GC heap before
{Heap before GC invocations=11 (full 0):
 garbage-first heap   total 90112K, used 72166K [0x0000000701e00000, 0x0000000800000000)
  region size 2048K, 26 young (53248K), 2 survivors (4096K)
 Metaspace       used 36355K, committed 36800K, reserved 1114112K
  class space    used 5021K, committed 5248K, reserved 1048576K
}
Event: 12.229 GC heap after
{Heap after GC invocations=12 (full 0):
 garbage-first heap   total 90112K, used 24942K [0x0000000701e00000, 0x0000000800000000)
  region size 2048K, 3 young (6144K), 3 survivors (6144K)
 Metaspace       used 36355K, committed 36800K, reserved 1114112K
  class space    used 5021K, committed 5248K, reserved 1048576K
}
Event: 12.821 GC heap before
{Heap before GC invocations=13 (full 0):
 garbage-first heap   total 90112K, used 65902K [0x0000000701e00000, 0x0000000800000000)
  region size 2048K, 23 young (47104K), 3 survivors (6144K)
 Metaspace       used 41300K, committed 41728K, reserved 1114112K
  class space    used 5687K, committed 5888K, reserved 1048576K
}
Event: 12.829 GC heap after
{Heap after GC invocations=14 (full 0):
 garbage-first heap   total 90112K, used 26052K [0x0000000701e00000, 0x0000000800000000)
  region size 2048K, 2 young (4096K), 2 survivors (4096K)
 Metaspace       used 41300K, committed 41728K, reserved 1114112K
  class space    used 5687K, committed 5888K, reserved 1048576K
}
Event: 13.621 GC heap before
{Heap before GC invocations=14 (full 0):
 garbage-first heap   total 90112K, used 67012K [0x0000000701e00000, 0x0000000800000000)
  region size 2048K, 22 young (45056K), 2 survivors (4096K)
 Metaspace       used 49070K, committed 49472K, reserved 1114112K
  class space    used 6883K, committed 7040K, reserved 1048576K
}
Event: 13.627 GC heap after
{Heap after GC invocations=15 (full 0):
 garbage-first heap   total 90112K, used 27405K [0x0000000701e00000, 0x0000000800000000)
  region size 2048K, 3 young (6144K), 3 survivors (6144K)
 Metaspace       used 49070K, committed 49472K, reserved 1114112K
  class space    used 6883K, committed 7040K, reserved 1048576K
}
Event: 14.353 GC heap before
{Heap before GC invocations=15 (full 0):
 garbage-first heap   total 90112K, used 66317K [0x0000000701e00000, 0x0000000800000000)
  region size 2048K, 22 young (45056K), 3 survivors (6144K)
 Metaspace       used 56774K, committed 57216K, reserved 1114112K
  class space    used 8133K, committed 8320K, reserved 1048576K
}
Event: 14.361 GC heap after
{Heap after GC invocations=16 (full 0):
 garbage-first heap   total 90112K, used 28954K [0x0000000701e00000, 0x0000000800000000)
  region size 2048K, 3 young (6144K), 3 survivors (6144K)
 Metaspace       used 56774K, committed 57216K, reserved 1114112K
  class space    used 8133K, committed 8320K, reserved 1048576K
}
Event: 14.895 GC heap before
{Heap before GC invocations=16 (full 0):
 garbage-first heap   total 90112K, used 57626K [0x0000000701e00000, 0x0000000800000000)
  region size 2048K, 18 young (36864K), 3 survivors (6144K)
 Metaspace       used 60853K, committed 61440K, reserved 1114112K
  class space    used 8717K, committed 9024K, reserved 1048576K
}
Event: 14.903 GC heap after
{Heap after GC invocations=17 (full 0):
 garbage-first heap   total 90112K, used 30312K [0x0000000701e00000, 0x0000000800000000)
  region size 2048K, 3 young (6144K), 3 survivors (6144K)
 Metaspace       used 60853K, committed 61440K, reserved 1114112K
  class space    used 8717K, committed 9024K, reserved 1048576K
}
Event: 15.502 GC heap before
{Heap before GC invocations=18 (full 0):
 garbage-first heap   total 90112K, used 67176K [0x0000000701e00000, 0x0000000800000000)
  region size 2048K, 21 young (43008K), 3 survivors (6144K)
 Metaspace       used 66120K, committed 66688K, reserved 1114112K
  class space    used 9643K, committed 9920K, reserved 1048576K
}
Event: 15.508 GC heap after
{Heap after GC invocations=19 (full 0):
 garbage-first heap   total 90112K, used 33664K [0x0000000701e00000, 0x0000000800000000)
  region size 2048K, 3 young (6144K), 3 survivors (6144K)
 Metaspace       used 66120K, committed 66688K, reserved 1114112K
  class space    used 9643K, committed 9920K, reserved 1048576K
}
Event: 15.715 GC heap before
{Heap before GC invocations=19 (full 0):
 garbage-first heap   total 90112K, used 68480K [0x0000000701e00000, 0x0000000800000000)
  region size 2048K, 21 young (43008K), 3 survivors (6144K)
 Metaspace       used 67749K, committed 68288K, reserved 1114112K
  class space    used 10002K, committed 10240K, reserved 1048576K
}
Event: 15.721 GC heap after
{Heap after GC invocations=20 (full 0):
 garbage-first heap   total 108544K, used 35899K [0x0000000701e00000, 0x0000000800000000)
  region size 2048K, 2 young (4096K), 2 survivors (4096K)
 Metaspace       used 67749K, committed 68288K, reserved 1114112K
  class space    used 10002K, committed 10240K, reserved 1048576K
}
Event: 16.039 GC heap before
{Heap before GC invocations=20 (full 0):
 garbage-first heap   total 108544K, used 80955K [0x0000000701e00000, 0x0000000800000000)
  region size 2048K, 25 young (51200K), 2 survivors (4096K)
 Metaspace       used 70576K, committed 71168K, reserved 1114112K
  class space    used 10362K, committed 10624K, reserved 1048576K
}
Event: 16.043 GC heap after
{Heap after GC invocations=21 (full 0):
 garbage-first heap   total 108544K, used 36787K [0x0000000701e00000, 0x0000000800000000)
  region size 2048K, 2 young (4096K), 2 survivors (4096K)
 Metaspace       used 70576K, committed 71168K, reserved 1114112K
  class space    used 10362K, committed 10624K, reserved 1048576K
}
Event: 16.744 GC heap before
{Heap before GC invocations=21 (full 0):
 garbage-first heap   total 108544K, used 85939K [0x0000000701e00000, 0x0000000800000000)
  region size 2048K, 26 young (53248K), 2 survivors (4096K)
 Metaspace       used 76305K, committed 76864K, reserved 1114112K
  class space    used 11180K, committed 11456K, reserved 1048576K
}
Event: 16.751 GC heap after
{Heap after GC invocations=22 (full 0):
 garbage-first heap   total 108544K, used 41035K [0x0000000701e00000, 0x0000000800000000)
  region size 2048K, 4 young (8192K), 4 survivors (8192K)
 Metaspace       used 76305K, committed 76864K, reserved 1114112K
  class space    used 11180K, committed 11456K, reserved 1048576K
}
Event: 60.205 GC heap before
{Heap before GC invocations=22 (full 0):
 garbage-first heap   total 108544K, used 84043K [0x0000000701e00000, 0x0000000800000000)
  region size 2048K, 25 young (51200K), 4 survivors (8192K)
 Metaspace       used 83243K, committed 83904K, reserved 1179648K
  class space    used 12144K, committed 12480K, reserved 1048576K
}
Event: 60.213 GC heap after
{Heap after GC invocations=23 (full 0):
 garbage-first heap   total 108544K, used 43993K [0x0000000701e00000, 0x0000000800000000)
  region size 2048K, 2 young (4096K), 2 survivors (4096K)
 Metaspace       used 83243K, committed 83904K, reserved 1179648K
  class space    used 12144K, committed 12480K, reserved 1048576K
}

Dll operation events (13 events):
Event: 0.020 Loaded shared library C:\Program Files\Eclipse Adoptium\jdk-17.0.8.7-hotspot\bin\java.dll
Event: 0.050 Loaded shared library C:\Program Files\Eclipse Adoptium\jdk-17.0.8.7-hotspot\bin\jsvml.dll
Event: 0.271 Loaded shared library C:\Program Files\Eclipse Adoptium\jdk-17.0.8.7-hotspot\bin\zip.dll
Event: 0.277 Loaded shared library C:\Program Files\Eclipse Adoptium\jdk-17.0.8.7-hotspot\bin\instrument.dll
Event: 0.284 Loaded shared library C:\Program Files\Eclipse Adoptium\jdk-17.0.8.7-hotspot\bin\net.dll
Event: 0.286 Loaded shared library C:\Program Files\Eclipse Adoptium\jdk-17.0.8.7-hotspot\bin\nio.dll
Event: 0.294 Loaded shared library C:\Program Files\Eclipse Adoptium\jdk-17.0.8.7-hotspot\bin\zip.dll
Event: 1.632 Loaded shared library C:\Program Files\Eclipse Adoptium\jdk-17.0.8.7-hotspot\bin\jimage.dll
Event: 8.479 Loaded shared library C:\Program Files\JetBrains\IntelliJ IDEA 2023.3.2\bin\breakgen64.dll
Event: 8.497 Loaded shared library C:\Program Files\Eclipse Adoptium\jdk-17.0.8.7-hotspot\bin\management.dll
Event: 8.511 Loaded shared library C:\Program Files\Eclipse Adoptium\jdk-17.0.8.7-hotspot\bin\management_ext.dll
Event: 9.531 Loaded shared library C:\Program Files\Eclipse Adoptium\jdk-17.0.8.7-hotspot\bin\sunmscapi.dll
Event: 12.985 Loaded shared library C:\Program Files\Eclipse Adoptium\jdk-17.0.8.7-hotspot\bin\verify.dll

Deoptimization events (20 events):
Event: 11.060 Thread 0x0000023fee5ca330 DEOPT PACKING pc=0x0000023ff68be1a5 sp=0x000000ae4a4fd240
Event: 11.060 Thread 0x0000023fee5ca330 DEOPT UNPACKING pc=0x0000023ff60f7143 sp=0x000000ae4a4fc7a8 mode 3
Event: 11.545 Thread 0x0000023fee5ca330 DEOPT PACKING pc=0x0000023ff65e7e89 sp=0x000000ae4a4fa5d0
Event: 11.545 Thread 0x0000023fee5ca330 DEOPT UNPACKING pc=0x0000023ff60f7143 sp=0x000000ae4a4f9a60 mode 3
Event: 11.545 Thread 0x0000023fccba9820 DEOPT PACKING pc=0x0000023ff6599d1f sp=0x000000ae4c1ff080
Event: 11.545 Thread 0x0000023fccba9820 DEOPT UNPACKING pc=0x0000023ff60f7143 sp=0x000000ae4c1fe4d8 mode 3
Event: 13.413 Thread 0x0000023fee5ca330 DEOPT PACKING pc=0x0000023ff697d3e4 sp=0x000000ae4a4f8e40
Event: 13.413 Thread 0x0000023fee5ca330 DEOPT UNPACKING pc=0x0000023ff60f7143 sp=0x000000ae4a4f8368 mode 0
Event: 15.022 Thread 0x0000023fee5ca330 DEOPT PACKING pc=0x0000023ff6614454 sp=0x000000ae4a4fb3b0
Event: 15.022 Thread 0x0000023fee5ca330 DEOPT UNPACKING pc=0x0000023ff60f7143 sp=0x000000ae4a4fa908 mode 0
Event: 15.197 Thread 0x0000023fee5ca330 DEOPT PACKING pc=0x0000023ff65d1fe2 sp=0x000000ae4a4fb660
Event: 15.197 Thread 0x0000023fee5ca330 DEOPT UNPACKING pc=0x0000023ff60f7143 sp=0x000000ae4a4fab68 mode 3
Event: 50.474 Thread 0x0000023fccba8e00 DEOPT PACKING pc=0x0000023ff63a499b sp=0x000000ae4c9dbfe0
Event: 50.474 Thread 0x0000023fccba8e00 DEOPT UNPACKING pc=0x0000023ff60f7143 sp=0x000000ae4c9db508 mode 3
Event: 60.229 Thread 0x0000023fce023030 DEOPT PACKING pc=0x0000023ff63aaa5c sp=0x000000ae4cefa650
Event: 60.229 Thread 0x0000023fce023030 DEOPT UNPACKING pc=0x0000023ff60f7143 sp=0x000000ae4cef9b10 mode 0
Event: 2613.942 Thread 0x0000023fcb6fbf30 DEOPT PACKING pc=0x0000023ff62e40d4 sp=0x000000ae4b4ff5a0
Event: 2613.942 Thread 0x0000023fcb6fbf30 DEOPT UNPACKING pc=0x0000023ff60f7143 sp=0x000000ae4b4feae8 mode 1
Event: 2613.942 Thread 0x0000023fcb6fbf30 DEOPT PACKING pc=0x0000023ff62df064 sp=0x000000ae4b4ff6f0
Event: 2613.942 Thread 0x0000023fcb6fbf30 DEOPT UNPACKING pc=0x0000023ff60f7143 sp=0x000000ae4b4feb98 mode 1

Classes unloaded (0 events):
No events

Classes redefined (0 events):
No events

Internal exceptions (20 events):
Event: 50.482 Thread 0x0000023fccba8e00 Exception <a 'java/lang/StackOverflowError'{0x00000007063aec90}> (0x00000007063aec90) 
thrown [s\src\hotspot\share\interpreter\interpreterRuntime.cpp, line 374]
Event: 50.483 Thread 0x0000023fccba8e00 StackOverflowError at 0x0000023ff66b2c40
Event: 50.483 Thread 0x0000023fccba8e00 Exception <a 'java/lang/StackOverflowError'{0x00000007063b4238}> (0x00000007063b4238) 
thrown [s\src\hotspot\share\runtime\sharedRuntime.cpp, line 628]
Event: 50.483 Thread 0x0000023fccba8e00 Exception <a 'java/lang/StackOverflowError'{0x00000007063bed60}> (0x00000007063bed60) 
thrown [s\src\hotspot\share\runtime\javaCalls.cpp, line 400]
Event: 50.484 Thread 0x0000023fccba8e00 StackOverflowError at 0x0000023ff6427320
Event: 50.484 Thread 0x0000023fccba8e00 Exception <a 'java/lang/StackOverflowError'{0x00000007063c9888}> (0x00000007063c9888) 
thrown [s\src\hotspot\share\runtime\sharedRuntime.cpp, line 628]
Event: 50.484 Thread 0x0000023fccba8e00 StackOverflowError at 0x0000023ff640db20
Event: 50.484 Thread 0x0000023fccba8e00 Exception <a 'java/lang/StackOverflowError'{0x00000007063d45b8}> (0x00000007063d45b8) 
thrown [s\src\hotspot\share\runtime\sharedRuntime.cpp, line 628]
Event: 50.485 Thread 0x0000023fccba8e00 StackOverflowError at 0x0000023ff63136a0
Event: 50.485 Thread 0x0000023fccba8e00 Exception <a 'java/lang/StackOverflowError'{0x00000007063df338}> (0x00000007063df338) 
thrown [s\src\hotspot\share\runtime\sharedRuntime.cpp, line 628]
Event: 50.486 Thread 0x0000023fccba8e00 StackOverflowError at 0x0000023ff62fe3e0
Event: 50.486 Thread 0x0000023fccba8e00 Exception <a 'java/lang/StackOverflowError'{0x00000007063ea060}> (0x00000007063ea060) 
thrown [s\src\hotspot\share\runtime\sharedRuntime.cpp, line 628]
Event: 50.487 Thread 0x0000023fccba8e00 Exception <a 'java/lang/StackOverflowError'{0x00000007063f87d0}> (0x00000007063f87d0) 
thrown [s\src\hotspot\share\runtime\javaCalls.cpp, line 400]
Event: 50.487 Thread 0x0000023fccba8e00 Exception <a 'java/lang/StackOverflowError'{0x0000000706006f98}> (0x0000000706006f98) 
thrown [s\src\hotspot\share\runtime\javaCalls.cpp, line 400]
Event: 50.487 Thread 0x0000023fccba8e00 Exception <a 'java/lang/StackOverflowError'{0x0000000706015708}> (0x0000000706015708) 
thrown [s\src\hotspot\share\runtime\javaCalls.cpp, line 400]
Event: 59.188 Thread 0x0000023fce0207b0 Exception <a 'java/lang/NoSuchMethodError'{0x0000000705e921d0}: 'java.lang.Object java.lang.invoke.DirectMethodHandle$Holder.invokeInterface(java.lang.Object, java.lang.Object, java.lang.Object, java.lang.Object)'> (0x0000000705e921d0) 
thrown [s\src\hotspot\share\interpreter\linkResolver.cpp, line 759]
Event: 59.212 Thread 0x0000023fce0207b0 Exception <a 'java/lang/IncompatibleClassChangeError'{0x0000000705f6d180}: Found class java.lang.Object, but interface was expected> (0x0000000705f6d180) 
thrown [s\src\hotspot\share\interpreter\linkResolver.cpp, line 826]
Event: 66.963 Thread 0x0000023fccba6580 Exception <a 'java/lang/NoSuchMethodError'{0x000000070a210a00}: 'java.lang.Object java.lang.invoke.DirectMethodHandle$Holder.invokeStatic(java.lang.Object, int, int)'> (0x000000070a210a00) 
thrown [s\src\hotspot\share\interpreter\linkResolver.cpp, line 759]
Event: 2613.942 Thread 0x0000023fcb6fbf30 Exception <a 'sun/net/ConnectionResetException'{0x000000070818be18}: Connection reset> (0x000000070818be18) 
thrown [s\src\hotspot\share\prims\jni.cpp, line 535]
Event: 2616.653 Thread 0x0000023fccba9820 Exception <a 'java/io/IOException'{0x000000070a2d10e0}> (0x000000070a2d10e0) 
thrown [s\src\hotspot\share\prims\jni.cpp, line 516]

VM Operations (20 events):
Event: 214.487 Executing VM operation: Cleanup
Event: 214.487 Executing VM operation: Cleanup done
Event: 215.498 Executing VM operation: Cleanup
Event: 215.498 Executing VM operation: Cleanup done
Event: 271.904 Executing VM operation: Cleanup
Event: 271.904 Executing VM operation: Cleanup done
Event: 275.934 Executing VM operation: Cleanup
Event: 275.934 Executing VM operation: Cleanup done
Event: 666.428 Executing VM operation: Cleanup
Event: 666.428 Executing VM operation: Cleanup done
Event: 1770.733 Executing VM operation: Cleanup
Event: 1770.734 Executing VM operation: Cleanup done
Event: 1771.749 Executing VM operation: Cleanup
Event: 1771.749 Executing VM operation: Cleanup done
Event: 1790.944 Executing VM operation: Cleanup
Event: 1790.944 Executing VM operation: Cleanup done
Event: 2616.791 Executing VM operation: Cleanup
Event: 2616.791 Executing VM operation: Cleanup done
Event: 2663.803 Executing VM operation: HandshakeAllThreads
Event: 2663.803 Executing VM operation: HandshakeAllThreads done

Events (20 events):
Event: 1770.395 loading class javax/crypto/BadPaddingException done
Event: 1770.395 loading class java/security/spec/InvalidKeySpecException
Event: 1770.396 loading class java/security/spec/InvalidKeySpecException done
Event: 1783.005 Thread 0x0000023fce01df30 Thread exited: 0x0000023fce01df30
Event: 1783.035 Thread 0x0000023fce023a50 Thread exited: 0x0000023fce023a50
Event: 1789.011 Thread 0x0000023fce0211d0 Thread added: 0x0000023fce0211d0
Event: 1789.012 Thread 0x0000023fce022610 Thread added: 0x0000023fce022610
Event: 1795.893 Thread 0x0000023fce0211d0 Thread exited: 0x0000023fce0211d0
Event: 1795.925 Thread 0x0000023fce022610 Thread exited: 0x0000023fce022610
Event: 1797.696 Thread 0x0000023fce022610 Thread added: 0x0000023fce022610
Event: 1797.697 Thread 0x0000023fce022b20 Thread added: 0x0000023fce022b20
Event: 1802.706 Thread 0x0000023fce022610 Thread exited: 0x0000023fce022610
Event: 1802.738 Thread 0x0000023fce022b20 Thread exited: 0x0000023fce022b20
Event: 1806.050 Thread 0x0000023fce023540 Thread added: 0x0000023fce023540
Event: 1806.050 Thread 0x0000023fce01f370 Thread added: 0x0000023fce01f370
Event: 1812.573 Thread 0x0000023fce023540 Thread exited: 0x0000023fce023540
Event: 1812.605 Thread 0x0000023fce01f370 Thread exited: 0x0000023fce01f370
Event: 2613.942 loading class sun/net/ConnectionResetException
Event: 2613.942 loading class sun/net/ConnectionResetException done
Event: 2613.943 Thread 0x0000023fcb6fbf30 Thread exited: 0x0000023fcb6fbf30


Dynamic libraries:
0x00007ff7a2e60000 - 0x00007ff7a2e6e000 	C:\Program Files\Eclipse Adoptium\jdk-17.0.8.7-hotspot\bin\java.exe
0x00007ffdc55b0000 - 0x00007ffdc57a8000 	C:\WINDOWS\SYSTEM32\ntdll.dll
0x00007ffd8c400000 - 0x00007ffd8c420000 	C:\Program Files\AVG\Antivirus\aswhook.dll
0x00007ffdc44d0000 - 0x00007ffdc4592000 	C:\WINDOWS\System32\KERNEL32.DLL
0x00007ffdc32e0000 - 0x00007ffdc35d6000 	C:\WINDOWS\System32\KERNELBASE.dll
0x00007ffdc2f10000 - 0x00007ffdc3010000 	C:\WINDOWS\System32\ucrtbase.dll
0x00007ffda21b0000 - 0x00007ffda21c7000 	C:\Program Files\Eclipse Adoptium\jdk-17.0.8.7-hotspot\bin\jli.dll
0x00007ffdc4db0000 - 0x00007ffdc4f4d000 	C:\WINDOWS\System32\USER32.dll
0x00007ffdc2d80000 - 0x00007ffdc2da2000 	C:\WINDOWS\System32\win32u.dll
0x00007ffdc4880000 - 0x00007ffdc48ab000 	C:\WINDOWS\System32\GDI32.dll
0x00007ffdc3090000 - 0x00007ffdc31a9000 	C:\WINDOWS\System32\gdi32full.dll
0x00007ffdc3240000 - 0x00007ffdc32dd000 	C:\WINDOWS\System32\msvcp_win.dll
0x00007ffda2010000 - 0x00007ffda2029000 	C:\Program Files\Eclipse Adoptium\jdk-17.0.8.7-hotspot\bin\VCRUNTIME140.dll
0x00007ffdaea40000 - 0x00007ffdaecda000 	C:\WINDOWS\WinSxS\amd64_microsoft.windows.common-controls_6595b64144ccf1df_6.0.19041.5915_none_60b4b9d171f9c7c7\COMCTL32.dll
0x00007ffdc4300000 - 0x00007ffdc439e000 	C:\WINDOWS\System32\msvcrt.dll
0x00007ffdc4000000 - 0x00007ffdc402f000 	C:\WINDOWS\System32\IMM32.DLL
0x00007ffda3b00000 - 0x00007ffda3b0c000 	C:\Program Files\Eclipse Adoptium\jdk-17.0.8.7-hotspot\bin\vcruntime140_1.dll
0x00007ffd90080000 - 0x00007ffd90111000 	C:\Program Files\Eclipse Adoptium\jdk-17.0.8.7-hotspot\bin\msvcp140.dll
0x00007ffd52280000 - 0x00007ffd52ecc000 	C:\Program Files\Eclipse Adoptium\jdk-17.0.8.7-hotspot\bin\server\jvm.dll
0x00007ffdc4090000 - 0x00007ffdc4141000 	C:\WINDOWS\System32\ADVAPI32.dll
0x00007ffdc54d0000 - 0x00007ffdc556f000 	C:\WINDOWS\System32\sechost.dll
0x00007ffdc41d0000 - 0x00007ffdc42f3000 	C:\WINDOWS\System32\RPCRT4.dll
0x00007ffdc2ca0000 - 0x00007ffdc2cc7000 	C:\WINDOWS\System32\bcrypt.dll
0x00007ffdc21f0000 - 0x00007ffdc223b000 	C:\WINDOWS\SYSTEM32\POWRPROF.dll
0x00007ffdb5330000 - 0x00007ffdb5339000 	C:\WINDOWS\SYSTEM32\WSOCK32.dll
0x00007ffdc49e0000 - 0x00007ffdc4a4b000 	C:\WINDOWS\System32\WS2_32.dll
0x00007ffdb9d40000 - 0x00007ffdb9d67000 	C:\WINDOWS\SYSTEM32\WINMM.dll
0x00007ffdb9d70000 - 0x00007ffdb9d7a000 	C:\WINDOWS\SYSTEM32\VERSION.dll
0x00007ffdc2060000 - 0x00007ffdc2072000 	C:\WINDOWS\SYSTEM32\UMPDC.dll
0x00007ffdc0b00000 - 0x00007ffdc0b12000 	C:\WINDOWS\SYSTEM32\kernel.appcore.dll
0x00007ffda3330000 - 0x00007ffda333a000 	C:\Program Files\Eclipse Adoptium\jdk-17.0.8.7-hotspot\bin\jimage.dll
0x00007ffdbc480000 - 0x00007ffdbc681000 	C:\WINDOWS\SYSTEM32\DBGHELP.DLL
0x00007ffdb7550000 - 0x00007ffdb7584000 	C:\WINDOWS\SYSTEM32\dbgcore.DLL
0x00007ffdc31b0000 - 0x00007ffdc3232000 	C:\WINDOWS\System32\bcryptPrimitives.dll
0x00007ffdbe0b0000 - 0x00007ffdbe0be000 	C:\Program Files\Eclipse Adoptium\jdk-17.0.8.7-hotspot\bin\instrument.dll
0x00007ffda14e0000 - 0x00007ffda1505000 	C:\Program Files\Eclipse Adoptium\jdk-17.0.8.7-hotspot\bin\java.dll
0x00007ffd521a0000 - 0x00007ffd52276000 	C:\Program Files\Eclipse Adoptium\jdk-17.0.8.7-hotspot\bin\jsvml.dll
0x00007ffdc37c0000 - 0x00007ffdc3f2e000 	C:\WINDOWS\System32\SHELL32.dll
0x00007ffdc0d00000 - 0x00007ffdc14a4000 	C:\WINDOWS\SYSTEM32\windows.storage.dll
0x00007ffdc4a50000 - 0x00007ffdc4da3000 	C:\WINDOWS\System32\combase.dll
0x00007ffdc25f0000 - 0x00007ffdc261b000 	C:\WINDOWS\SYSTEM32\Wldp.dll
0x00007ffdc3f30000 - 0x00007ffdc3ffd000 	C:\WINDOWS\System32\OLEAUT32.dll
0x00007ffdc47d0000 - 0x00007ffdc487d000 	C:\WINDOWS\System32\SHCORE.dll
0x00007ffdc4170000 - 0x00007ffdc41cb000 	C:\WINDOWS\System32\shlwapi.dll
0x00007ffdc2bd0000 - 0x00007ffdc2bf4000 	C:\WINDOWS\SYSTEM32\profapi.dll
0x00007ffd9cd40000 - 0x00007ffd9cd58000 	C:\Program Files\Eclipse Adoptium\jdk-17.0.8.7-hotspot\bin\zip.dll
0x00007ffd9cd80000 - 0x00007ffd9cd99000 	C:\Program Files\Eclipse Adoptium\jdk-17.0.8.7-hotspot\bin\net.dll
0x00007ffdbbe90000 - 0x00007ffdbbf9a000 	C:\WINDOWS\SYSTEM32\WINHTTP.dll
0x00007ffdc23d0000 - 0x00007ffdc243a000 	C:\WINDOWS\system32\mswsock.dll
0x00007ffd9cd60000 - 0x00007ffd9cd75000 	C:\Program Files\Eclipse Adoptium\jdk-17.0.8.7-hotspot\bin\nio.dll
0x00007ffdbe0c0000 - 0x00007ffdbe0da000 	C:\Program Files\JetBrains\IntelliJ IDEA 2023.3.2\bin\breakgen64.dll
0x00007ffdc20d0000 - 0x00007ffdc219a000 	C:\WINDOWS\SYSTEM32\DNSAPI.dll
0x00007ffdc2080000 - 0x00007ffdc20bb000 	C:\WINDOWS\SYSTEM32\IPHLPAPI.DLL
0x00007ffdc4160000 - 0x00007ffdc4168000 	C:\WINDOWS\System32\NSI.dll
0x00007ffdb5f10000 - 0x00007ffdb5f1a000 	C:\Windows\System32\rasadhlp.dll
0x00007ffdbb2e0000 - 0x00007ffdbb360000 	C:\WINDOWS\System32\fwpuclnt.dll
0x00007ffda7700000 - 0x00007ffda7709000 	C:\Program Files\Eclipse Adoptium\jdk-17.0.8.7-hotspot\bin\management.dll
0x00007ffda76f0000 - 0x00007ffda76fb000 	C:\Program Files\Eclipse Adoptium\jdk-17.0.8.7-hotspot\bin\management_ext.dll
0x00007ffdc49d0000 - 0x00007ffdc49d8000 	C:\WINDOWS\System32\PSAPI.DLL
0x00007ffdc2940000 - 0x00007ffdc2958000 	C:\WINDOWS\SYSTEM32\CRYPTSP.dll
0x00007ffdc1ca0000 - 0x00007ffdc1cd8000 	C:\WINDOWS\system32\rsaenh.dll
0x00007ffdc2b90000 - 0x00007ffdc2bbe000 	C:\WINDOWS\SYSTEM32\USERENV.dll
0x00007ffdc2560000 - 0x00007ffdc256c000 	C:\WINDOWS\SYSTEM32\CRYPTBASE.dll
0x00007ffdbc800000 - 0x00007ffdbc817000 	C:\WINDOWS\SYSTEM32\dhcpcsvc6.DLL
0x00007ffdbd780000 - 0x00007ffdbd79d000 	C:\WINDOWS\SYSTEM32\dhcpcsvc.DLL
0x00007ffdab5f0000 - 0x00007ffdab607000 	C:\WINDOWS\system32\napinsp.dll
0x00007ffdab5d0000 - 0x00007ffdab5eb000 	C:\WINDOWS\system32\pnrpnsp.dll
0x00007ffdab4c0000 - 0x00007ffdab4dd000 	C:\WINDOWS\system32\wshbth.dll
0x00007ffdbe070000 - 0x00007ffdbe08d000 	C:\WINDOWS\system32\NLAapi.dll
0x00007ffdab480000 - 0x00007ffdab492000 	C:\WINDOWS\System32\winrnr.dll
0x00007ffda3280000 - 0x00007ffda328e000 	C:\Program Files\Eclipse Adoptium\jdk-17.0.8.7-hotspot\bin\sunmscapi.dll
0x00007ffdc2db0000 - 0x00007ffdc2f0d000 	C:\WINDOWS\System32\CRYPT32.dll
0x00007ffdc2660000 - 0x00007ffdc2687000 	C:\WINDOWS\SYSTEM32\ncrypt.dll
0x00007ffdc2620000 - 0x00007ffdc265b000 	C:\WINDOWS\SYSTEM32\NTASN1.dll
0x00007ffda1270000 - 0x00007ffda1280000 	C:\Program Files\Eclipse Adoptium\jdk-17.0.8.7-hotspot\bin\verify.dll
0x00007ffdbefa0000 - 0x00007ffdbefa7000 	C:\WINDOWS\system32\wshunix.dll

dbghelp: loaded successfully - version: 4.0.5 - missing functions: none
symbol engine: initialized successfully - sym options: 0x614 - pdb path: .;C:\Program Files\Eclipse Adoptium\jdk-17.0.8.7-hotspot\bin;C:\WINDOWS\SYSTEM32;C:\Program Files\AVG\Antivirus;C:\WINDOWS\WinSxS\amd64_microsoft.windows.common-controls_6595b64144ccf1df_6.0.19041.5915_none_60b4b9d171f9c7c7;C:\Program Files\Eclipse Adoptium\jdk-17.0.8.7-hotspot\bin\server;C:\Program Files\JetBrains\IntelliJ IDEA 2023.3.2\bin

VM Arguments:
jvm_args: -XX:TieredStopAtLevel=1 -Dspring.output.ansi.enabled=always -Dcom.sun.management.jmxremote -Dspring.jmx.enabled=true -Dspring.liveBeansView.mbeanDomain -Dspring.application.admin.enabled=true -Dmanagement.endpoints.jmx.exposure.include=* -javaagent:C:\Program Files\JetBrains\IntelliJ IDEA 2023.3.2\lib\idea_rt.jar=50741:C:\Program Files\JetBrains\IntelliJ IDEA 2023.3.2\bin -Dfile.encoding=UTF-8 
java_command: org.example.pokemontcgalbum.PokemonTCGAlbum
java_class_path (initial): C:\Users\Piotrek\IdeaProjects\projekty w³asne\Pokemon-TCG-Album\backend\target\classes;C:\Users\Piotrek\.m2\repository\org\springframework\boot\spring-boot-starter-web\3.2.5\spring-boot-starter-web-3.2.5.jar;C:\Users\Piotrek\.m2\repository\org\springframework\boot\spring-boot-starter\3.2.5\spring-boot-starter-3.2.5.jar;C:\Users\Piotrek\.m2\repository\org\springframework\boot\spring-boot\3.2.5\spring-boot-3.2.5.jar;C:\Users\Piotrek\.m2\repository\org\springframework\boot\spring-boot-autoconfigure\3.2.5\spring-boot-autoconfigure-3.2.5.jar;C:\Users\Piotrek\.m2\repository\org\springframework\boot\spring-boot-starter-logging\3.2.5\spring-boot-starter-logging-3.2.5.jar;C:\Users\Piotrek\.m2\repository\ch\qos\logback\logback-classic\1.4.14\logback-classic-1.4.14.jar;C:\Users\Piotrek\.m2\repository\ch\qos\logback\logback-core\1.4.14\logback-core-1.4.14.jar;C:\Users\Piotrek\.m2\repository\org\apache\logging\log4j\log4j-to-slf4j\2.21.1\log4j-to-slf4j-2.21.1.jar;C:\Users\Piotrek\.m2\repository\org\apache\logging\log4j\log4j-api\2.21.1\log4j-api-2.21.1.jar;C:\Users\Piotrek\.m2\repository\org\slf4j\jul-to-slf4j\2.0.13\jul-to-slf4j-2.0.13.jar;C:\Users\Piotrek\.m2\repository\jakarta\annotation\jakarta.annotation-api\2.1.1\jakarta.annotation-api-2.1.1.jar;C:\Users\Piotrek\.m2\repository\org\springframework\boot\spring-boot-starter-json\3.2.5\spring-boot-starter-json-3.2.5.jar;C:\Users\Piotrek\.m2\repository\com\fasterxml\jackson\datatype\jackson-datatype-jdk8\2.15.4\jackson-datatype-jdk8-2.15.4.jar;C:\Users\Piotrek\.m2\repository\com\fasterxml\jackson\datatype\jackson-datatype-jsr310\2.15.4\jackson-datatype-jsr310-2.15.4.jar;C:\Users\Piotrek\.m2\repository\com\fasterxml\jackson\module\jackson-module-parameter-names\2.15.4\jackson-module-parameter-names-2.15.4.jar;C:\Users\Piotrek\.m2\repository\org\springframework\boot\spring-boot-starter-tomcat\3.2.5\spring-boot-starter-tomcat-3.2.5.jar;C:\Users\Piotrek\.m2\repository\org\apache\tomcat\embed\tomcat-embe
Launcher Type: SUN_STANDARD

[Global flags]
     intx CICompilerCount                          = 3                                         {product} {ergonomic}
     uint ConcGCThreads                            = 1                                         {product} {ergonomic}
     uint G1ConcRefinementThreads                  = 4                                         {product} {ergonomic}
   size_t G1HeapRegionSize                         = 2097152                                   {product} {ergonomic}
    uintx GCDrainStackTargetSize                   = 64                                        {product} {ergonomic}
   size_t InitialHeapSize                          = 268435456                                 {product} {ergonomic}
     bool ManagementServer                         = true                                      {product} {command line}
   size_t MarkStackSize                            = 4194304                                   {product} {ergonomic}
   size_t MaxHeapSize                              = 4263510016                                {product} {ergonomic}
   size_t MaxNewSize                               = 2556428288                                {product} {ergonomic}
   size_t MinHeapDeltaBytes                        = 2097152                                   {product} {ergonomic}
   size_t MinHeapSize                              = 8388608                                   {product} {ergonomic}
    uintx NonProfiledCodeHeapSize                  = 0                                      {pd product} {ergonomic}
     bool ProfileInterpreter                       = false                                  {pd product} {command line}
    uintx ProfiledCodeHeapSize                     = 0                                      {pd product} {ergonomic}
   size_t SoftMaxHeapSize                          = 4263510016                             {manageable} {ergonomic}
     intx TieredStopAtLevel                        = 1                                         {product} {command line}
     bool UseCompressedClassPointers               = true                           {product lp64_product} {ergonomic}
     bool UseCompressedOops                        = true                           {product lp64_product} {ergonomic}
     bool UseG1GC                                  = true                                      {product} {ergonomic}
     bool UseLargePagesIndividualAllocation        = false                                  {pd product} {ergonomic}

Logging:
Log output configuration:
 #0: stdout all=warning uptime,level,tags
 #1: stderr all=off uptime,level,tags

Environment Variables:
JAVA_HOME=C:\Program Files\Eclipse Adoptium\jdk-11.0.16.101-hotspot\
PATH=C:\Python312\Scripts\;C:\Python312\;C:\Program Files\Eclipse Adoptium\jdk-17.0.8.7-hotspot\bin;C:\Program Files\Eclipse Adoptium\jdk-11.0.16.101-hotspot\bin;C:\Program Files (x86)\Intel\iCLS Client\;C:\Program Files\Intel\iCLS Client\;C:\WINDOWS\system32;C:\WINDOWS;C:\WINDOWS\System32\Wbem;C:\WINDOWS\System32\WindowsPowerShell\v1.0\;C:\Program Files\Intel\Intel(R) Management Engine Components\DAL;C:\Program Files\Intel\Intel(R) Management Engine Components\IPT;C:\Program Files (x86)\Intel\Intel(R) Management Engine Components\DAL;C:\Program Files (x86)\Intel\Intel(R) Management Engine Components\IPT;C:\Program Files (x86)\ATI Technologies\ATI.ACE\Core-Static;C:\WINDOWS\System32\OpenSSH\;C:\ProgramData\chocolatey\bin;C:\Program Files\Docker\Docker\resources\bin;C:\Program Files\MySQL\MySQL Server 8.0\bin;C:\Program Files\MySQL\MySQL Shell 8.0\bin;C:\Program Files\Git\cmd;C:\Program Files\nodejs\;C:\Program Files\MySQL\MySQL Shell 8.0\bin\;C:\Users\Piotrek\AppData\Local\Microsoft\WindowsApps;C:\Users\Piotrek\AppData\Local\GitHubDesktop\bin;C:\Users\Piotrek\AppData\Local\Programs\Microsoft VS Code\bin;C:\Users\Piotrek\AppData\Roaming\npm
USERNAME=Piotrek
OS=Windows_NT
PROCESSOR_IDENTIFIER=Intel64 Family 6 Model 60 Stepping 3, GenuineIntel
TMP=C:\Users\Piotrek\AppData\Local\Temp
TEMP=C:\Users\Piotrek\AppData\Local\Temp



---------------  S Y S T E M  ---------------

OS:
 Windows 10 , 64 bit Build 19041 (10.0.19041.5915)
OS uptime: 8 days 16:03 hours
Hyper-V role detected

CPU: total 4 (initial active 4) (4 cores per cpu, 1 threads per core) family 6 model 60 stepping 3 microcode 0x27, cx8, cmov, fxsr, mmx, sse, sse2, sse3, ssse3, sse4.1, sse4.2, popcnt, lzcnt, tsc, tscinvbit, avx, avx2, aes, erms, clmul, bmi1, bmi2, fma, vzeroupper, clflush, hv
Processor Information for all 4 processors :
  Max Mhz: 3501, Current Mhz: 3501, Mhz Limit: 3501

Memory: 4k page, system-wide physical 16262M (7933M free)
TotalPageFile size 29574M (AvailPageFile size 9024M)
current process WorkingSet (physical memory assigned to process): 274M, peak: 279M
current process commit charge ("private bytes"): 313M, peak: 373M

vm_info: OpenJDK 64-Bit Server VM (17.0.8+7) for windows-amd64 JRE (17.0.8+7), built on Jul 18 2023 21:02:32 by "admin" with MS VC++ 16.7 (VS2019)

END.
